[themepixels.me/bracketplus/css/index.html]
[backblue.gif]
[fade.gif]
[index.html]
[themepixels.me/bracketplus/css/indexc052.html]
[themepixels.me/bracketplus/css/indexf8a0.html]
[themepixels.me/bracketplus/css/indexbfec.html]
[themepixels.me/bracketplus/css/index30b5.html]
[themepixels.me/bracketplus/css/index.html]
[themepixels.me/bracketplus/css/indexc052.html]
[themepixels.me/bracketplus/css/indexf8a0.html]
[themepixels.me/bracketplus/css/indexbfec.html]
[themepixels.me/bracketplus/css/index30b5.html]
[themepixels.me/bracketplus/css/indexb70a.html]
[themepixels.me/bracketplus/css/index72c9.html]
[themepixels.me/bracketplus/css/index5851.html]
[themepixels.me/bracketplus/css/bracket.dark.css]
[themepixels.me/bracketplus/css/indexad3f.html]
[themepixels.me/bracketplus/css/bracket.oreo.min.css]
[themepixels.me/bracketplus/css/bracket.simple-white.css]
[themepixels.me/bracketplus/css/bracket.simple-white.min.css]
[themepixels.me/bracketplus/css/indexb70a.html]
[themepixels.me/bracketplus/css/index72c9.html]
[themepixels.me/bracketplus/css/index5851.html]
[themepixels.me/bracketplus/css/indexad3f.html]
[themepixels.me/bracketplus/css/bracket.oreo.css]
[themepixels.me/bracketplus/css/bracket.css]
[themepixels.me/bracketplus/css/bracket.dark.min.css]
[themepixels.me/bracketplus/css/bracket.min.css]
