[themepixels.me/bracketplus/img/index.html]
[backblue.gif]
[fade.gif]
[index.html]
[themepixels.me/bracketplus/img/1.png]
[themepixels.me/bracketplus/img/indexc052.html]
[themepixels.me/bracketplus/img/indexbfec.html]
[themepixels.me/bracketplus/img/indexf8a0.html]
[themepixels.me/bracketplus/img/2.png]
[themepixels.me/bracketplus/img/index30b5.html]
[themepixels.me/bracketplus/img/3.png]
[themepixels.me/bracketplus/img/6.png]
[themepixels.me/bracketplus/img/7.png]
[themepixels.me/bracketplus/img/8.png]
[themepixels.me/bracketplus/img/9.png]
[themepixels.me/bracketplus/img/10.png]
[themepixels.me/bracketplus/img/15.png]
[themepixels.me/bracketplus/img/16.png]
[themepixels.me/bracketplus/img/17.png]
[themepixels.me/bracketplus/img/bracketplus-social.png]
[themepixels.me/bracketplus/img/img1.jpg]
[themepixels.me/bracketplus/img/img2.jpg]
[themepixels.me/bracketplus/img/img3.jpg]
[themepixels.me/bracketplus/img/img4.jpg]
[themepixels.me/bracketplus/img/img5.jpg]
[themepixels.me/bracketplus/img/img6.jpg]
[themepixels.me/bracketplus/img/img7.jpg]
[themepixels.me/bracketplus/img/img8.jpg]
[themepixels.me/bracketplus/img/img9.jpg]
[themepixels.me/bracketplus/img/img10.jpg]
[themepixels.me/bracketplus/img/img11.jpg]
[themepixels.me/bracketplus/img/img12.jpg]
[themepixels.me/bracketplus/img/img13.jpg]
[themepixels.me/bracketplus/img/img14.jpg]
[themepixels.me/bracketplus/img/img15.jpg]
[themepixels.me/bracketplus/img/img16.jpg]
[themepixels.me/bracketplus/img/img16.png]
[themepixels.me/bracketplus/img/img17.jpg]
[themepixels.me/bracketplus/img/img18.jpg]
[themepixels.me/bracketplus/img/img19.jpg]
[themepixels.me/bracketplus/img/img20.jpg]
[themepixels.me/bracketplus/img/img21.jpg]
[themepixels.me/bracketplus/img/img22.jpg]
[themepixels.me/bracketplus/img/img23.jpg]
[themepixels.me/bracketplus/img/img24.jpg]
[themepixels.me/bracketplus/img/img25.jpg]
[themepixels.me/bracketplus/img/img26.jpg]
[themepixels.me/bracketplus/img/img27.jpg]
[themepixels.me/bracketplus/img/img28.jpg]
[themepixels.me/bracketplus/img/img29.jpg]
[themepixels.me/bracketplus/img/img30.jpg]
[themepixels.me/bracketplus/img/img31.jpg]
[themepixels.me/bracketplus/img/img32.jpg]
[themepixels.me/bracketplus/img/img33.jpg]
[themepixels.me/bracketplus/img/img34.jpg]
[themepixels.me/bracketplus/img/img35.jpg]
[themepixels.me/bracketplus/img/img36.jpg]
[themepixels.me/bracketplus/img/img37.jpg]
[themepixels.me/bracketplus/img/img38.jpg]
[themepixels.me/bracketplus/img/img39.jpg]
[themepixels.me/bracketplus/img/img40.jpg]
[themepixels.me/bracketplus/img/img41.jpg]
[themepixels.me/bracketplus/img/img41.png]
[themepixels.me/bracketplus/img/img42.jpg]
[themepixels.me/bracketplus/img/img43.jpg]
[themepixels.me/bracketplus/img/img44.jpg]
[themepixels.me/bracketplus/img/img45.jpg]
[themepixels.me/bracketplus/img/img46.jpg]
[themepixels.me/bracketplus/img/img47.jpg]
[themepixels.me/bracketplus/img/img48.jpg]
[themepixels.me/bracketplus/img/img49.jpg]
[themepixels.me/bracketplus/img/img50.jpg]
[themepixels.me/bracketplus/img/img51.jpg]
[themepixels.me/bracketplus/img/img52.jpg]
[themepixels.me/bracketplus/img/img53.jpg]
[themepixels.me/bracketplus/img/logo.png]
[themepixels.me/bracketplus/img/screen.png]
[themepixels.me/bracketplus/img/screen1.png]
[themepixels.me/bracketplus/img/screen2.png]
[themepixels.me/bracketplus/img/screen3.png]
[themepixels.me/bracketplus/img/screen4.png]
[themepixels.me/bracketplus/img/screen5.png]
[themepixels.me/bracketplus/img/screen6.png]
[themepixels.me/bracketplus/img/screen7.png]
[themepixels.me/bracketplus/img/screen8.png]
[themepixels.me/bracketplus/img/screen9.png]
[themepixels.me/bracketplus/img/screen10.png]
[themepixels.me/bracketplus/img/screen11.png]
[themepixels.me/bracketplus/img/screen12.png]
[themepixels.me/bracketplus/img/screen13.png]
[themepixels.me/bracketplus/img/screen14.png]
[themepixels.me/bracketplus/img/screen15.png]
[themepixels.me/bracketplus/img/screen16.png]
[themepixels.me/bracketplus/img/screen17.png]
[themepixels.me/bracketplus/img/screen18.png]
[themepixels.me/bracketplus/img/screen19.png]
[themepixels.me/bracketplus/img/screen20.png]
[themepixels.me/bracketplus/img/screen21.png]
[themepixels.me/bracketplus/img/screen22.png]
[themepixels.me/bracketplus/img/screen23.png]
[themepixels.me/bracketplus/img/screen24.png]
[themepixels.me/bracketplus/img/screen25.png]
[themepixels.me/bracketplus/img/screen26.png]
[themepixels.me/bracketplus/img/screen27.png]
[themepixels.me/bracketplus/img/screen28.png]
[themepixels.me/bracketplus/img/screen29.png]
[themepixels.me/bracketplus/img/screen30.png]
[themepixels.me/bracketplus/img/index.html]
[themepixels.me/bracketplus/img/screen31.png]
[themepixels.me/bracketplus/img/indexc052.html]
[themepixels.me/bracketplus/img/indexb70a.html]
[themepixels.me/bracketplus/img/indexf8a0.html]
[themepixels.me/bracketplus/img/index72c9.html]
[themepixels.me/bracketplus/img/indexbfec.html]
[themepixels.me/bracketplus/img/index5851.html]
[themepixels.me/bracketplus/img/index30b5.html]
[themepixels.me/bracketplus/img/indexad3f.html]
[themepixels.me/bracketplus/img/4.png]
[themepixels.me/bracketplus/img/line.svg]
[themepixels.me/bracketplus/img/indexb70a.html]
[themepixels.me/bracketplus/img/index72c9.html]
[themepixels.me/bracketplus/img/index5851.html]
[themepixels.me/bracketplus/img/indexad3f.html]
[themepixels.me/bracketplus/img/5.png]
